// Jest Snapshot v1, https://goo.gl/fbAQLP

exports[`<Article /> it renders correctly 1`] = `
ShallowWrapper {
  Symbol(enzyme.__root__): [Circular],
  Symbol(enzyme.__unrendered__): <Article />,
  Symbol(enzyme.__renderer__): Object {
    "batchedUpdates": [Function],
    "getNode": [Function],
    "render": [Function],
    "simulateError": [Function],
    "simulateEvent": [Function],
    "unmount": [Function],
  },
  Symbol(enzyme.__node__): Object {
    "instance": null,
    "key": undefined,
    "nodeType": "class",
    "props": Object {
      "children": <article
        className="c-articles-container__article"
      >
        <h3
          className="c-articles-container__article-title"
        >
          Dummy Article
        </h3>
        <img
          className="c-articles-container__article-image"
          src="/static/images/Classes.jpg"
        />
      </article>,
      "href": "/article",
    },
    "ref": null,
    "rendered": Object {
      "instance": null,
      "key": undefined,
      "nodeType": "host",
      "props": Object {
        "children": Array [
          <h3
            className="c-articles-container__article-title"
          >
            Dummy Article
          </h3>,
          <img
            className="c-articles-container__article-image"
            src="/static/images/Classes.jpg"
          />,
        ],
        "className": "c-articles-container__article",
      },
      "ref": null,
      "rendered": Array [
        Object {
          "instance": null,
          "key": undefined,
          "nodeType": "host",
          "props": Object {
            "children": "Dummy Article",
            "className": "c-articles-container__article-title",
          },
          "ref": null,
          "rendered": "Dummy Article",
          "type": "h3",
        },
        Object {
          "instance": null,
          "key": undefined,
          "nodeType": "host",
          "props": Object {
            "className": "c-articles-container__article-image",
            "src": "/static/images/Classes.jpg",
          },
          "ref": null,
          "rendered": null,
          "type": "img",
        },
      ],
      "type": "article",
    },
    "type": [Function],
  },
  Symbol(enzyme.__nodes__): Array [
    Object {
      "instance": null,
      "key": undefined,
      "nodeType": "class",
      "props": Object {
        "children": <article
          className="c-articles-container__article"
        >
          <h3
            className="c-articles-container__article-title"
          >
            Dummy Article
          </h3>
          <img
            className="c-articles-container__article-image"
            src="/static/images/Classes.jpg"
          />
        </article>,
        "href": "/article",
      },
      "ref": null,
      "rendered": Object {
        "instance": null,
        "key": undefined,
        "nodeType": "host",
        "props": Object {
          "children": Array [
            <h3
              className="c-articles-container__article-title"
            >
              Dummy Article
            </h3>,
            <img
              className="c-articles-container__article-image"
              src="/static/images/Classes.jpg"
            />,
          ],
          "className": "c-articles-container__article",
        },
        "ref": null,
        "rendered": Array [
          Object {
            "instance": null,
            "key": undefined,
            "nodeType": "host",
            "props": Object {
              "children": "Dummy Article",
              "className": "c-articles-container__article-title",
            },
            "ref": null,
            "rendered": "Dummy Article",
            "type": "h3",
          },
          Object {
            "instance": null,
            "key": undefined,
            "nodeType": "host",
            "props": Object {
              "className": "c-articles-container__article-image",
              "src": "/static/images/Classes.jpg",
            },
            "ref": null,
            "rendered": null,
            "type": "img",
          },
        ],
        "type": "article",
      },
      "type": [Function],
    },
  ],
  Symbol(enzyme.__options__): Object {
    "adapter": ReactSixteenAdapter {
      "options": Object {
        "enableComponentDidUpdateOnSetState": true,
        "lifecycles": Object {
          "componentDidUpdate": Object {
            "onSetState": true,
          },
          "getDerivedStateFromProps": true,
          "getSnapshotBeforeUpdate": true,
          "setState": Object {
            "skipsComponentDidUpdateOnNullish": true,
          },
        },
      },
    },
  },
}
`;
