// Jest Snapshot v1, https://goo.gl/fbAQLP

exports[`<Nav /> it renders correctly 1`] = `
ShallowWrapper {
  Symbol(enzyme.__root__): [Circular],
  Symbol(enzyme.__unrendered__): <Nav />,
  Symbol(enzyme.__renderer__): Object {
    "batchedUpdates": [Function],
    "getNode": [Function],
    "render": [Function],
    "simulateError": [Function],
    "simulateEvent": [Function],
    "unmount": [Function],
  },
  Symbol(enzyme.__node__): Object {
    "instance": null,
    "key": undefined,
    "nodeType": "host",
    "props": Object {
      "children": Array [
        <div
          className="c-burger-container__burger1"
        />,
        <div
          className="c-burger-container__burger2"
        />,
        <div
          className="c-burger-container__burger3"
        />,
        <nav
          className="c-burgernav"
        >
          <Link
            href="/"
          >
            <a
              className="c-burgernav__menu"
            >
              Home
            </a>
          </Link>
          <Link
            href="/about"
          >
            <a
              className="c-burgernav__menu"
            >
              About Me
            </a>
          </Link>
          <Link
            href="/projects"
          >
            <a
              className="c-burgernav__menu"
            >
              My Projects
            </a>
          </Link>
          <Link
            href="/articles"
          >
            <a
              className="c-burgernav__menu"
            >
              Blog Articles
            </a>
          </Link>
          <Link
            href="/contact"
          >
            <a
              className="c-burgernav__menu u-white-border"
            >
              Contact
            </a>
          </Link>
        </nav>,
      ],
      "className": "c-burger-container",
      "onClick": [Function],
    },
    "ref": null,
    "rendered": Array [
      Object {
        "instance": null,
        "key": undefined,
        "nodeType": "host",
        "props": Object {
          "className": "c-burger-container__burger1",
        },
        "ref": null,
        "rendered": null,
        "type": "div",
      },
      Object {
        "instance": null,
        "key": undefined,
        "nodeType": "host",
        "props": Object {
          "className": "c-burger-container__burger2",
        },
        "ref": null,
        "rendered": null,
        "type": "div",
      },
      Object {
        "instance": null,
        "key": undefined,
        "nodeType": "host",
        "props": Object {
          "className": "c-burger-container__burger3",
        },
        "ref": null,
        "rendered": null,
        "type": "div",
      },
      Object {
        "instance": null,
        "key": undefined,
        "nodeType": "host",
        "props": Object {
          "children": Array [
            <Link
              href="/"
            >
              <a
                className="c-burgernav__menu"
              >
                Home
              </a>
            </Link>,
            <Link
              href="/about"
            >
              <a
                className="c-burgernav__menu"
              >
                About Me
              </a>
            </Link>,
            <Link
              href="/projects"
            >
              <a
                className="c-burgernav__menu"
              >
                My Projects
              </a>
            </Link>,
            <Link
              href="/articles"
            >
              <a
                className="c-burgernav__menu"
              >
                Blog Articles
              </a>
            </Link>,
            <Link
              href="/contact"
            >
              <a
                className="c-burgernav__menu u-white-border"
              >
                Contact
              </a>
            </Link>,
          ],
          "className": "c-burgernav",
        },
        "ref": null,
        "rendered": Array [
          Object {
            "instance": null,
            "key": undefined,
            "nodeType": "class",
            "props": Object {
              "children": <a
                className="c-burgernav__menu"
              >
                Home
              </a>,
              "href": "/",
            },
            "ref": null,
            "rendered": Object {
              "instance": null,
              "key": undefined,
              "nodeType": "host",
              "props": Object {
                "children": "Home",
                "className": "c-burgernav__menu",
              },
              "ref": null,
              "rendered": "Home",
              "type": "a",
            },
            "type": [Function],
          },
          Object {
            "instance": null,
            "key": undefined,
            "nodeType": "class",
            "props": Object {
              "children": <a
                className="c-burgernav__menu"
              >
                About Me
              </a>,
              "href": "/about",
            },
            "ref": null,
            "rendered": Object {
              "instance": null,
              "key": undefined,
              "nodeType": "host",
              "props": Object {
                "children": "About Me",
                "className": "c-burgernav__menu",
              },
              "ref": null,
              "rendered": "About Me",
              "type": "a",
            },
            "type": [Function],
          },
          Object {
            "instance": null,
            "key": undefined,
            "nodeType": "class",
            "props": Object {
              "children": <a
                className="c-burgernav__menu"
              >
                My Projects
              </a>,
              "href": "/projects",
            },
            "ref": null,
            "rendered": Object {
              "instance": null,
              "key": undefined,
              "nodeType": "host",
              "props": Object {
                "children": "My Projects",
                "className": "c-burgernav__menu",
              },
              "ref": null,
              "rendered": "My Projects",
              "type": "a",
            },
            "type": [Function],
          },
          Object {
            "instance": null,
            "key": undefined,
            "nodeType": "class",
            "props": Object {
              "children": <a
                className="c-burgernav__menu"
              >
                Blog Articles
              </a>,
              "href": "/articles",
            },
            "ref": null,
            "rendered": Object {
              "instance": null,
              "key": undefined,
              "nodeType": "host",
              "props": Object {
                "children": "Blog Articles",
                "className": "c-burgernav__menu",
              },
              "ref": null,
              "rendered": "Blog Articles",
              "type": "a",
            },
            "type": [Function],
          },
          Object {
            "instance": null,
            "key": undefined,
            "nodeType": "class",
            "props": Object {
              "children": <a
                className="c-burgernav__menu u-white-border"
              >
                Contact
              </a>,
              "href": "/contact",
            },
            "ref": null,
            "rendered": Object {
              "instance": null,
              "key": undefined,
              "nodeType": "host",
              "props": Object {
                "children": "Contact",
                "className": "c-burgernav__menu u-white-border",
              },
              "ref": null,
              "rendered": "Contact",
              "type": "a",
            },
            "type": [Function],
          },
        ],
        "type": "nav",
      },
    ],
    "type": "div",
  },
  Symbol(enzyme.__nodes__): Array [
    Object {
      "instance": null,
      "key": undefined,
      "nodeType": "host",
      "props": Object {
        "children": Array [
          <div
            className="c-burger-container__burger1"
          />,
          <div
            className="c-burger-container__burger2"
          />,
          <div
            className="c-burger-container__burger3"
          />,
          <nav
            className="c-burgernav"
          >
            <Link
              href="/"
            >
              <a
                className="c-burgernav__menu"
              >
                Home
              </a>
            </Link>
            <Link
              href="/about"
            >
              <a
                className="c-burgernav__menu"
              >
                About Me
              </a>
            </Link>
            <Link
              href="/projects"
            >
              <a
                className="c-burgernav__menu"
              >
                My Projects
              </a>
            </Link>
            <Link
              href="/articles"
            >
              <a
                className="c-burgernav__menu"
              >
                Blog Articles
              </a>
            </Link>
            <Link
              href="/contact"
            >
              <a
                className="c-burgernav__menu u-white-border"
              >
                Contact
              </a>
            </Link>
          </nav>,
        ],
        "className": "c-burger-container",
        "onClick": [Function],
      },
      "ref": null,
      "rendered": Array [
        Object {
          "instance": null,
          "key": undefined,
          "nodeType": "host",
          "props": Object {
            "className": "c-burger-container__burger1",
          },
          "ref": null,
          "rendered": null,
          "type": "div",
        },
        Object {
          "instance": null,
          "key": undefined,
          "nodeType": "host",
          "props": Object {
            "className": "c-burger-container__burger2",
          },
          "ref": null,
          "rendered": null,
          "type": "div",
        },
        Object {
          "instance": null,
          "key": undefined,
          "nodeType": "host",
          "props": Object {
            "className": "c-burger-container__burger3",
          },
          "ref": null,
          "rendered": null,
          "type": "div",
        },
        Object {
          "instance": null,
          "key": undefined,
          "nodeType": "host",
          "props": Object {
            "children": Array [
              <Link
                href="/"
              >
                <a
                  className="c-burgernav__menu"
                >
                  Home
                </a>
              </Link>,
              <Link
                href="/about"
              >
                <a
                  className="c-burgernav__menu"
                >
                  About Me
                </a>
              </Link>,
              <Link
                href="/projects"
              >
                <a
                  className="c-burgernav__menu"
                >
                  My Projects
                </a>
              </Link>,
              <Link
                href="/articles"
              >
                <a
                  className="c-burgernav__menu"
                >
                  Blog Articles
                </a>
              </Link>,
              <Link
                href="/contact"
              >
                <a
                  className="c-burgernav__menu u-white-border"
                >
                  Contact
                </a>
              </Link>,
            ],
            "className": "c-burgernav",
          },
          "ref": null,
          "rendered": Array [
            Object {
              "instance": null,
              "key": undefined,
              "nodeType": "class",
              "props": Object {
                "children": <a
                  className="c-burgernav__menu"
                >
                  Home
                </a>,
                "href": "/",
              },
              "ref": null,
              "rendered": Object {
                "instance": null,
                "key": undefined,
                "nodeType": "host",
                "props": Object {
                  "children": "Home",
                  "className": "c-burgernav__menu",
                },
                "ref": null,
                "rendered": "Home",
                "type": "a",
              },
              "type": [Function],
            },
            Object {
              "instance": null,
              "key": undefined,
              "nodeType": "class",
              "props": Object {
                "children": <a
                  className="c-burgernav__menu"
                >
                  About Me
                </a>,
                "href": "/about",
              },
              "ref": null,
              "rendered": Object {
                "instance": null,
                "key": undefined,
                "nodeType": "host",
                "props": Object {
                  "children": "About Me",
                  "className": "c-burgernav__menu",
                },
                "ref": null,
                "rendered": "About Me",
                "type": "a",
              },
              "type": [Function],
            },
            Object {
              "instance": null,
              "key": undefined,
              "nodeType": "class",
              "props": Object {
                "children": <a
                  className="c-burgernav__menu"
                >
                  My Projects
                </a>,
                "href": "/projects",
              },
              "ref": null,
              "rendered": Object {
                "instance": null,
                "key": undefined,
                "nodeType": "host",
                "props": Object {
                  "children": "My Projects",
                  "className": "c-burgernav__menu",
                },
                "ref": null,
                "rendered": "My Projects",
                "type": "a",
              },
              "type": [Function],
            },
            Object {
              "instance": null,
              "key": undefined,
              "nodeType": "class",
              "props": Object {
                "children": <a
                  className="c-burgernav__menu"
                >
                  Blog Articles
                </a>,
                "href": "/articles",
              },
              "ref": null,
              "rendered": Object {
                "instance": null,
                "key": undefined,
                "nodeType": "host",
                "props": Object {
                  "children": "Blog Articles",
                  "className": "c-burgernav__menu",
                },
                "ref": null,
                "rendered": "Blog Articles",
                "type": "a",
              },
              "type": [Function],
            },
            Object {
              "instance": null,
              "key": undefined,
              "nodeType": "class",
              "props": Object {
                "children": <a
                  className="c-burgernav__menu u-white-border"
                >
                  Contact
                </a>,
                "href": "/contact",
              },
              "ref": null,
              "rendered": Object {
                "instance": null,
                "key": undefined,
                "nodeType": "host",
                "props": Object {
                  "children": "Contact",
                  "className": "c-burgernav__menu u-white-border",
                },
                "ref": null,
                "rendered": "Contact",
                "type": "a",
              },
              "type": [Function],
            },
          ],
          "type": "nav",
        },
      ],
      "type": "div",
    },
  ],
  Symbol(enzyme.__options__): Object {
    "adapter": ReactSixteenAdapter {
      "options": Object {
        "enableComponentDidUpdateOnSetState": true,
        "lifecycles": Object {
          "componentDidUpdate": Object {
            "onSetState": true,
          },
          "getDerivedStateFromProps": true,
          "getSnapshotBeforeUpdate": true,
          "setState": Object {
            "skipsComponentDidUpdateOnNullish": true,
          },
        },
      },
    },
  },
}
`;
